---
source: tui/src/bottom_pane/request_user_input/mod.rs
expression: "render_snapshot(&overlay, area)"
---
                                                                                                                        
  问 题  2/2（ 未 回 答  2 个 ）                                                                                                
  Share details.                                                                                                        
                                                                                                                        
  › 输 入 你 的 回 答 （ 可 选 ）                                                                                                 
                                                                                                                        
                                                                                                                        
                                                                                                                        
                                                                                                                        
                                                                                                                        
  Enter 全 部 提 交  | Ctrl+N 第 一 个 问 题  | Esc 中 断
