---
source: tui/src/bottom_pane/chat_composer.rs
expression: terminal.backend()
---
"                                                                                                    "
"› short                                                                                             "
"                                                                                                    "
"                                                                                                    "
"                                                                                                    "
"                                                                                                    "
"                                                                                                    "
"                                                                                                    "
"                                                                                                    "
"  上下文剩余 100%                                                                                   " Hidden by multi-width symbols: [(3, " "), (5, " "), (7, " "), (9, " "), (11, " ")]
